host=g123 job=56614579
Wed Jun  3 09:49:55 2026       
+-----------------------------------------------------------------------------------------+
| NVIDIA-SMI 580.159.03             Driver Version: 580.159.03     CUDA Version: 13.0     |
+-----------------------------------------+------------------------+----------------------+
| GPU  Name                 Persistence-M | Bus-Id          Disp.A | Volatile Uncorr. ECC |
| Fan  Temp   Perf          Pwr:Usage/Cap |           Memory-Usage | GPU-Util  Compute M. |
|                                         |                        |               MIG M. |
|=========================================+========================+======================|
|   0  NVIDIA TITAN X (Pascal)        Off |   00000000:02:00.0 Off |                  N/A |
| 23%   26C    P8              9W /  250W |     497MiB /  12288MiB |      0%      Default |
|                                         |                        |                  N/A |
+-----------------------------------------+------------------------+----------------------+

+-----------------------------------------------------------------------------------------+
| Processes:                                                                              |
|  GPU   GI   CI              PID   Type   Process name                        GPU Memory |
|        ID   ID                                                               Usage      |
|=========================================================================================|
|    0   N/A  N/A          390893      C   ...ood_combined/.venv/bin/python        146MiB |
|    0   N/A  N/A          564276      C   ...ood_combined/.venv/bin/python        336MiB |
+-----------------------------------------------------------------------------------------+
torch=2.10.0+cu128, cuda_available=True
cuda device: NVIDIA TITAN X (Pascal)  (1 visible)
loading biohub/ESMC-300M (dtype env=bfloat16)
