host=g013 job=56614656
Wed Jun  3 10:42:00 2026       
+-----------------------------------------------------------------------------------------+
| NVIDIA-SMI 595.71.05              Driver Version: 595.71.05      CUDA Version: 13.2     |
+-----------------------------------------+------------------------+----------------------+
| GPU  Name                 Persistence-M | Bus-Id          Disp.A | Volatile Uncorr. ECC |
| Fan  Temp   Perf          Pwr:Usage/Cap |           Memory-Usage | GPU-Util  Compute M. |
|                                         |                        |               MIG M. |
|=========================================+========================+======================|
|   0  NVIDIA GeForce RTX 3060        Off |   00000000:3D:00.0 Off |                  N/A |
|  0%   31C    P8             19W /  170W |       1MiB /  12288MiB |      0%      Default |
|                                         |                        |                  N/A |
+-----------------------------------------+------------------------+----------------------+

+-----------------------------------------------------------------------------------------+
| Processes:                                                                              |
|  GPU   GI   CI              PID   Type   Process name                        GPU Memory |
|        ID   ID                                                               Usage      |
|=========================================================================================|
|  No running processes found                                                             |
+-----------------------------------------------------------------------------------------+
torch=2.12.0+cu130, cuda_available=True
cuda device: NVIDIA GeForce RTX 3060  (1 visible)
loading biohub/ESMC-300M (dtype env=bfloat16)
🚨 No checkpoint found for ESMCForSequenceClassification.forward. Please add a `checkpoint` arg to `auto_docstring` or add one in ESMCConfig's docstring
🚨 No checkpoint found for ESMCForTokenClassification.forward. Please add a `checkpoint` arg to `auto_docstring` or add one in ESMCConfig's docstring
model device=cuda:0, dtype=torch.bfloat16
layer embeddings shape: (31, 960)  (num_layers, embedding_dim)
first-layer norm: 6.6852
